// Jest Snapshot v1, https://goo.gl/fbAQLP

exports[`OverviewSearch should render correctly 1`] = `
<body>
  <div>
    <div
      class="css-agzw14"
    >
      <div
        class="css-3lmxau"
      >
        <svg
          aria-hidden="true"
          class="MuiSvgIcon-root MuiSvgIcon-fontSizeMedium css-i4bv87-MuiSvgIcon-root"
          data-testid="SearchIcon"
          focusable="false"
          viewBox="0 0 24 24"
        >
          <path
            d="M15.5 14h-.79l-.28-.27C15.41 12.59 16 11.11 16 9.5 16 5.91 13.09 3 9.5 3S3 5.91 3 9.5 5.91 16 9.5 16c1.61 0 3.09-.59 4.23-1.57l.27.28v.79l5 4.99L20.49 19l-4.99-5zm-6 0C7.01 14 5 11.99 5 9.5S7.01 5 9.5 5 14 7.01 14 9.5 11.99 14 9.5 14z"
          />
        </svg>
      </div>
      <div
        class="MuiInputBase-root MuiInputBase-colorPrimary css-i9rz6w-MuiInputBase-root"
      >
        <input
          class="MuiInputBase-input css-yz9k0d-MuiInputBase-input"
          placeholder="Searchâ€¦"
          type="text"
          value=""
        />
      </div>
    </div>
  </div>
</body>
`;
