// Jest Snapshot v1, https://goo.gl/fbAQLP

exports[`FormSkillsSelect should render correctly 1`] = `
<DocumentFragment>
  <input
    data-testid="input-field"
    value=""
  />
</DocumentFragment>
`;
