// Jest Snapshot v1, https://goo.gl/fbAQLP

exports[`FormAvatarSelect renders correctly 1`] = `
<DocumentFragment>
  <div
    class="MuiFormControl-root MuiFormControl-fullWidth css-q8hpuo-MuiFormControl-root"
  >
    <label
      class="MuiInputLabel-root MuiInputLabel-formControl MuiInputLabel-animated MuiInputLabel-shrink MuiInputLabel-sizeSmall MuiInputLabel-outlined MuiFormLabel-root MuiFormLabel-colorPrimary css-1kty9di-MuiFormLabel-root-MuiInputLabel-root"
      data-shrink="true"
      for="form-avatar-selector-input"
    >
      test-form-label
    </label>
    <div
      class="MuiOutlinedInput-root MuiInputBase-root MuiInputBase-colorPrimary MuiInputBase-fullWidth MuiInputBase-formControl MuiInputBase-sizeSmall css-md26zr-MuiInputBase-root-MuiOutlinedInput-root"
    >
      <div
        class="MuiBox-root css-1d3yqbi"
      >
        <span
          class="MuiBox-root css-1khc54h"
          data-testid="avatar-0"
        />
        <span
          class="MuiBox-root css-pu0jl8"
          data-testid="avatar-1"
        />
        <span
          class="MuiBox-root css-1f4nr86"
          data-testid="avatar-2"
        />
        <span
          class="MuiBox-root css-ciwohl"
          data-testid="avatar-3"
        />
        <span
          class="MuiBox-root css-15x9f6m"
          data-testid="avatar-4"
        />
        <span
          class="MuiBox-root css-1iz5n0q"
          data-testid="avatar-5"
        />
        <span
          class="MuiBox-root css-1uvy6sx"
          data-testid="avatar-6"
        />
        <span
          class="MuiBox-root css-10t5gb3"
          data-testid="avatar-7"
        />
        <span
          class="MuiBox-root css-xd2xro"
          data-testid="avatar-8"
        />
      </div>
      <fieldset
        aria-hidden="true"
        class="MuiOutlinedInput-notchedOutline css-1d3z3hw-MuiOutlinedInput-notchedOutline"
      >
        <legend
          class="css-1z7n62"
        >
          <span>
            test-form-label
          </span>
        </legend>
      </fieldset>
    </div>
  </div>
</DocumentFragment>
`;
