// Jest Snapshot v1, https://goo.gl/fbAQLP

exports[`FormDatePicker should render correctly 1`] = `
<body>
  <div>
    <div
      class="MuiFormControl-root MuiTextField-root css-1vs1jgp-MuiFormControl-root-MuiTextField-root"
      role="input"
    >
      <label
        class="MuiInputLabel-root MuiInputLabel-formControl MuiInputLabel-animated MuiInputLabel-sizeSmall MuiInputLabel-outlined MuiFormLabel-root MuiFormLabel-colorPrimary css-1pysi21-MuiFormLabel-root-MuiInputLabel-root"
        data-shrink="false"
        for="mui-1"
        id="mui-1-label"
      >
        test-form-label
      </label>
      <div
        class="MuiOutlinedInput-root MuiInputBase-root MuiInputBase-colorPrimary MuiInputBase-formControl MuiInputBase-sizeSmall MuiInputBase-adornedEnd css-o9k5xi-MuiInputBase-root-MuiOutlinedInput-root"
      >
        <input
          aria-invalid="false"
          class="MuiOutlinedInput-input MuiInputBase-input MuiInputBase-inputSizeSmall MuiInputBase-inputAdornedEnd css-19qh8xo-MuiInputBase-input-MuiOutlinedInput-input"
          id="mui-1"
          name="test-form-name"
          placeholder="mm-yyyy"
          type="text"
          value=""
        />
        <div
          class="MuiInputAdornment-root MuiInputAdornment-positionEnd MuiInputAdornment-outlined MuiInputAdornment-sizeSmall css-1laqsz7-MuiInputAdornment-root"
        >
          <button
            aria-label="Choose date"
            class="MuiButtonBase-root MuiIconButton-root MuiIconButton-edgeEnd MuiIconButton-sizeMedium css-1yq5fb3-MuiButtonBase-root-MuiIconButton-root"
            tabindex="0"
            type="button"
          >
            <svg
              aria-hidden="true"
              class="MuiSvgIcon-root MuiSvgIcon-fontSizeMedium css-i4bv87-MuiSvgIcon-root"
              data-testid="CalendarIcon"
              focusable="false"
              viewBox="0 0 24 24"
            >
              <path
                d="M17 12h-5v5h5v-5zM16 1v2H8V1H6v2H5c-1.11 0-1.99.9-1.99 2L3 19c0 1.1.89 2 2 2h14c1.1 0 2-.9 2-2V5c0-1.1-.9-2-2-2h-1V1h-2zm3 18H5V8h14v11z"
              />
            </svg>
            <span
              class="MuiTouchRipple-root css-8je8zh-MuiTouchRipple-root"
            />
          </button>
        </div>
        <fieldset
          aria-hidden="true"
          class="MuiOutlinedInput-notchedOutline css-1d3z3hw-MuiOutlinedInput-notchedOutline"
        >
          <legend
            class="css-1ftyaf0"
          >
            <span>
              test-form-label
            </span>
          </legend>
        </fieldset>
      </div>
    </div>
  </div>
</body>
`;
