// Jest Snapshot v1, https://goo.gl/fbAQLP

exports[`SpacedButton should render correctly 1`] = `
<DocumentFragment>
  <button
    class="MuiButton-root MuiButton-text MuiButton-textPrimary MuiButton-sizeMedium MuiButton-textSizeMedium MuiButtonBase-root css-1o1c5h5-MuiButtonBase-root-MuiButton-root"
    tabindex="0"
    type="button"
  >
    <span
      class="MuiTouchRipple-root css-8je8zh-MuiTouchRipple-root"
    />
  </button>
</DocumentFragment>
`;
