// Jest Snapshot v1, https://goo.gl/fbAQLP

exports[`FrontmenLogoIcon renders correctly 1`] = `
<div>
  <svg
    aria-hidden="true"
    class="MuiSvgIcon-root MuiSvgIcon-fontSizeMedium css-i4bv87-MuiSvgIcon-root"
    focusable="false"
    viewBox="0 0 96 96"
  >
    <g
      fill="none"
      fill-rule="evenodd"
      transform="translate(7, 0)"
    >
      <path
        d="M43 46.04v14.694l26-14.693V96l13-7.347V24z"
        fill="#FF5900"
      />
      <path
        d="M40.5 0L5 20.633 17.679 28 40.5 14.737 63.322 28 76 20.633z"
        fill="#0CC"
      />
      <path
        d="M0 88.653L13 96V72.493L31.2 82.78V68.085L13 57.8V46.004l26 14.731V46.041L0 24z"
        fill="#FFF"
      />
    </g>
  </svg>
</div>
`;
